// Jest Snapshot v1, https://goo.gl/fbAQLP

exports[`renders correctly 1`] = `
<div
  className="title-bar"
  style={
    Object {
      "fontSize": "64px",
      "fontWeight": "bold",
      "margin": "0 auto",
      "transform": "translateY(7px)",
      "width": "1200px",
    }
  }
>
  POPULAR
</div>
`;
